// Jest Snapshot v1, https://goo.gl/fbAQLP

exports[`Home page matches snapshot 1`] = `
<DocumentFragment>
  <div
    class="container"
  >
    <header
      class="header"
    >
      <img
        alt="Chris Chow"
        class="headerHomeImage borderCircle"
        src="/images/profile.jpg"
      />
      <h1
        class="heading2Xl"
      >
        Chris Chow
      </h1>
    </header>
    <main>
      <section
        class="headingMd"
      >
        <p>
          Philadelphia born and raised software engineer currently based in San Francisco. You may view my resume
          <a
            href="/christopher-chow-resume.pdf"
            target="_blank"
          >
            here
          </a>
           (last updated May 2020).
        </p>
        <p>
          This website is primarily a brain of dump.
        </p>
      </section>
      <section
        class="headingMd padding1px"
      >
        <h2
          class="headingLg"
        >
          Posts
        </h2>
        <ul
          class="list"
        />
      </section>
    </main>
  </div>
</DocumentFragment>
`;
